MapFile [http://wotwar.googlecode.com]
51 51
500

2
0
0
end
grass02
grass01
grass01
grass00
grass00
grass02
grass02
grass02
grass02
grass02
grass02
grass02
grass02
grass01
grass02
grass02
grass01
grass01
grass01
grass00
grass02
grass00
grass02
grass00
grass02
grass02
grass00
grass02
grass02
grass00
grass00
grass00
grass00
grass02
grass00
grass02
grass01
grass00
grass01
grass02
grass02
grass00
grass00
grass01
grass01
grass02
grass00
grass01
grass02
grass00
grass01
grass01
grass00
grass00
grass02
grass01
grass00
grass02
grass00
grass01
grass00
grass01
grass01
grass02
grass00
grass00
grass01
grass00
grass00
grass02
grass02
grass02
grass01
grass01
grass00
grass02
grass02
grass02
grass01
grass00
grass01
grass02
grass00
grass00
grass01
grass02
grass00
grass00
grass02
grass02
grass01
grass01
grass00
grass01
grass00
grass02
grass01
grass01
grass02
grass00
grass02
grass02
grass02
grass02
grass00
grass00
grass02
grass01
grass02
grass00
grass00
grass00
grass02
grass02
grass01
grass02
grass02
grass01
grass02
grass01
grass02
grass02
grass01
grass00
grass02
grass01
grass02
grass02
grass01
grass02
grass01
grass00
grass01
grass02
grass00
grass00
grass02
grass02
grass00
grass02
grass02
grass02
grass02
grass01
grass00
grass00
grass02
grass01
grass00
grass00
grass01
grass01
grass00
grass02
grass00
grass02
grass02
grass02
grass00
grass00
grass00
grass01
grass02
grass01
grass02
grass02
grass02
grass00
grass01
grass01
grass02
grass02
grass02
grass02
grass02
grass01
grass01
grass00
grass02
grass00
grass02
grass02
grass00
grass02
grass01
grass00
grass02
grass00
grass01
grass02
grass02
grass00
grass01
grass00
grass00
grass02
grass00
grass01
grass02
grass00
grass01
grass02
grass01
grass02
grass01
grass00
grass00
grass02
grass02
grass01
grass01
grass01
grass00
grass01
grass01
grass00
grass00
grass00
grass00
grass02
grass01
grass01
grass01
grass01
grass01
grass01
grass00
grass01
grass01
grass00
grass00
grass01
grass02
grass01
grass00
grass00
grass00
grass02
grass01
grass02
grass00
grass01
grass00
grass02
grass01
grass00
grass02
grass02
grass00
grass02
grass01
grass02
grass00
grass02
grass02
grass00
grass02
grass01
grass00
grass02
grass00
grass02
grass00
grass02
grass00
grass00
grass01
grass02
grass02
grass01
grass01
grass01
grass02
grass00
grass00
grass01
grass02
grass02
grass00
grass01
grass00
grass00
grass02
grass02
grass02
grass00
grass00
grass00
grass00
grass00
grass01
grass00
grass01
grass01
grass01
grass00
grass02
grass01
grass02
grass00
grass02
grass00
grass00
grass02
grass02
grass02
grass00
grass01
grass02
grass00
grass00
grass02
grass00
grass02
grass02
grass01
grass02
grass02
grass00
grass02
grass01
grass01
grass01
grass02
grass00
grass02
grass01
grass02
grass00
grass00
grass02
grass00
grass02
grass02
grass02
grass01
grass00
grass02
grass00
grass02
grass01
grass00
grass00
grass00
grass02
grass01
grass00
grass02
grass00
grass00
grass00
grass00
grass00
grass00
grass01
grass00
grass01
grass02
grass01
grass02
grass01
grass00
grass02
grass00
grass00
grass01
grass02
grass02
grass02
grass02
grass01
grass00
grass01
grass00
grass02
grass00
grass00
grass02
grass01
grass02
grass02
grass00
grass00
grass01
grass00
grass01
grass00
grass00
grass01
grass01
grass02
grass02
grass02
grass01
grass00
grass02
grass01
grass02
grass01
grass02
grass00
grass01
grass02
grass01
grass00
grass01
grass01
grass02
grass02
grass01
grass02
grass02
grass00
grass02
grass02
grass00
grass02
grass01
grass00
grass02
grass01
grass00
grass00
grass02
grass01
grass02
grass01
grass00
grass01
grass01
grass02
grass01
grass01
grass02
grass02
grass00
grass02
grass02
grass02
grass00
grass02
grass00
grass01
grass02
grass02
grass00
grass01
grass02
grass00
grass02
grass01
grass00
grass02
grass00
grass01
grass02
grass02
grass01
grass01
grass02
grass01
grass01
grass00
grass01
grass00
grass01
grass00
grass01
grass01
grass01
grass00
grass02
grass00
grass01
grass02
grass01
grass00
grass02
grass00
grass00
grass01
grass02
grass02
grass02
grass02
grass02
grass02
grass00
grass02
grass00
grass01
grass02
grass00
grass00
grass00
grass00
grass00
grass02
grass00
grass00
grass02
grass00
grass01
grass01
grass02
grass00
grass02
grass02
grass01
grass01
grass01
grass00
grass00
grass02
grass02
grass01
grass00
grass00
grass00
grass02
grass01
grass00
grass01
grass01
grass02
grass02
grass00
grass02
grass01
grass02
grass01
grass02
grass01
grass01
grass00
grass00
grass00
grass01
grass01
grass01
grass01
grass01
grass01
grass00
grass02
grass01
grass01
grass02
grass01
grass02
grass01
grass01
grass02
grass01
grass01
grass01
grass00
grass00
grass02
grass00
grass01
grass02
grass01
grass02
grass02
grass00
grass00
grass02
grass00
grass00
grass01
grass01
grass01
grass02
grass01
grass00
grass02
grass01
grass02
grass01
grass00
grass02
grass02
grass01
grass02
grass02
grass01
grass02
grass02
grass02
grass01
grass02
grass00
grass01
grass02
grass01
grass00
grass02
grass02
grass00
grass02
grass00
grass00
grass01
grass00
grass01
grass00
grass02
grass01
grass00
grass02
grass02
grass02
grass02
grass00
grass01
grass01
grass00
grass01
grass01
grass01
grass01
grass00
grass01
grass01
grass02
grass02
grass01
grass00
grass00
grass00
grass00
grass02
grass00
grass00
grass02
grass00
grass00
grass02
grass00
grass02
grass01
grass02
grass00
grass00
grass01
grass00
grass02
grass01
grass00
grass00
grass02
grass00
grass02
grass01
grass00
grass02
grass02
grass02
grass01
grass01
grass02
grass00
grass02
grass00
grass02
grass00
grass00
grass01
grass02
grass02
grass00
grass01
grass00
grass02
grass00
grass02
grass00
grass01
grass00
grass00
grass00
grass00
grass00
grass01
grass00
grass02
grass02
grass02
grass01
grass02
grass01
grass02
grass01
grass00
grass01
grass00
grass02
grass02
grass00
grass00
grass01
grass01
grass00
grass02
grass02
grass02
grass00
grass02
grass02
grass02
grass01
grass02
grass01
grass00
grass02
grass01
grass01
grass01
grass01
grass01
grass02
grass02
grass02
grass02
grass01
grass00
grass01
grass00
grass02
grass02
grass02
grass01
grass02
grass02
grass02
grass01
grass00
grass02
grass02
grass01
grass01
grass02
grass00
grass01
grass02
grass01
grass01
grass02
grass01
grass02
grass02
grass02
grass01
grass01
grass01
grass01
grass02
grass00
grass00
grass00
grass02
grass02
grass00
grass01
grass02
grass02
grass01
grass01
grass00
grass02
grass02
grass02
grass01
grass02
grass00
grass01
grass02
grass00
grass02
grass02
grass01
grass01
grass01
grass01
grass01
grass00
grass01
grass02
grass00
grass01
grass02
grass01
grass02
grass01
grass01
grass01
grass02
grass02
grass02
grass01
grass00
grass00
grass00
grass00
grass00
grass02
grass01
grass02
grass02
grass00
grass00
grass02
grass00
grass00
grass02
grass00
grass02
grass00
grass01
grass02
grass00
grass00
grass02
grass02
grass00
grass00
grass01
grass01
grass02
grass02
grass01
grass01
grass01
grass00
grass00
grass01
grass02
grass01
grass02
grass00
grass02
grass01
grass01
grass02
grass01
grass00
grass01
grass00
grass02
grass02
grass01
grass02
grass01
grass00
grass00
grass00
grass02
grass01
grass00
grass01
grass01
grass00
grass01
grass02
grass00
grass00
grass02
grass01
grass01
grass01
grass01
grass00
grass02
grass01
grass01
grass02
grass01
grass02
grass01
grass02
grass00
grass01
grass00
grass00
grass00
grass01
grass00
grass02
grass01
grass02
grass02
grass02
grass02
grass02
grass00
grass01
grass02
grass02
grass02
grass02
grass01
grass02
grass00
grass00
grass02
grass01
grass00
grass02
grass01
grass01
grass00
grass01
grass01
grass02
grass01
grass01
grass00
grass00
grass02
grass00
grass02
grass00
grass02
grass00
grass01
grass00
grass01
grass00
grass02
grass00
grass01
grass00
grass01
grass01
grass01
grass00
grass01
grass01
grass02
grass01
grass01
grass01
grass02
grass01
grass02
grass02
grass00
grass01
grass02
grass01
grass01
grass02
grass01
grass01
grass02
grass02
grass01
grass02
grass01
grass02
grass01
grass02
grass01
grass01
grass02
grass01
grass01
grass02
grass01
grass01
grass00
grass02
grass01
grass02
grass02
grass00
grass00
grass02
grass02
grass00
grass00
grass00
grass02
grass00
grass00
grass00
grass01
grass01
grass01
grass02
grass02
grass01
grass00
grass02
grass01
grass01
grass02
grass01
grass00
grass00
grass01
grass02
grass02
grass01
grass00
grass00
grass02
grass02
grass01
grass01
grass02
grass00
grass01
grass00
grass00
grass00
grass02
grass00
grass00
grass02
grass01
grass01
grass02
grass00
grass02
grass02
grass00
grass01
grass02
grass02
grass00
grass00
grass01
grass01
grass01
grass00
grass00
grass00
grass00
grass00
grass01
grass02
grass00
grass00
grass00
grass01
grass02
grass01
grass00
grass02
grass00
grass00
grass01
grass01
grass02
grass00
grass00
grass02
grass02
grass02
grass00
grass02
grass01
grass00
grass02
grass01
grass02
grass00
grass02
grass02
grass00
grass02
grass02
grass02
grass02
grass02
grass02
grass00
grass02
grass00
grass00
grass02
grass00
grass01
grass02
grass01
grass00
grass01
grass00
grass01
grass02
grass02
grass01
grass00
grass01
grass02
grass02
grass02
grass02
grass01
grass00
grass01
grass00
grass01
grass01
grass00
grass02
grass00
grass00
grass01
grass02
grass00
grass02
grass02
grass01
grass00
grass00
grass02
grass01
grass01
grass00
grass02
grass00
grass01
grass01
grass00
grass02
grass00
grass02
grass00
grass01
grass01
grass00
grass02
grass02
grass01
grass02
grass01
grass00
grass02
grass02
grass01
grass00
grass00
grass02
grass00
grass02
grass00
grass02
grass00
grass01
grass00
grass01
grass00
grass01
grass01
grass00
grass02
grass00
grass02
grass00
grass00
grass02
grass00
grass01
grass00
grass00
grass02
grass00
grass00
grass00
grass01
grass00
grass00
grass00
grass01
grass02
grass02
grass00
grass01
grass01
grass01
grass01
grass01
grass01
grass00
grass02
grass01
grass01
grass01
grass02
grass00
grass00
grass00
grass00
grass00
grass01
grass02
grass02
grass01
grass00
grass02
grass01
grass00
grass01
grass00
grass00
grass02
grass02
grass00
grass02
grass02
grass00
grass01
grass02
grass01
grass01
grass00
grass01
grass01
grass00
grass01
grass02
grass00
grass00
grass02
grass02
grass01
grass02
grass01
grass01
grass02
grass01
grass01
grass01
grass02
grass01
grass00
grass01
grass02
grass02
grass00
grass00
grass01
grass01
grass02
grass01
grass01
grass02
grass01
grass00
grass01
grass01
grass02
grass00
grass01
grass00
grass00
grass00
grass02
grass01
grass01
grass01
grass02
grass01
grass01
grass00
grass02
grass00
grass00
grass02
grass01
grass01
grass02
grass01
grass01
grass00
grass01
grass01
grass01
grass01
grass00
grass01
grass02
grass01
grass02
grass02
grass00
grass02
grass02
grass01
grass00
grass02
grass01
grass00
grass00
grass01
grass00
grass00
grass00
grass01
grass02
grass00
grass02
grass00
grass01
grass00
grass00
grass01
grass00
grass00
grass02
grass00
grass00
grass01
grass00
grass02
grass01
grass02
grass01
grass00
grass02
grass00
grass01
grass00
grass00
grass00
grass02
grass01
grass02
grass02
grass01
grass00
grass01
grass00
grass00
grass01
grass00
grass02
grass02
grass01
grass02
grass02
grass00
grass01
grass02
grass02
grass00
grass00
grass00
grass00
grass02
grass02
grass02
grass00
grass01
grass01
grass02
grass00
grass01
grass01
grass00
grass02
grass01
grass01
grass02
grass00
grass01
grass00
grass02
grass02
grass01
grass02
grass00
grass01
grass00
grass02
grass02
grass01
grass01
grass02
grass01
grass02
grass01
grass00
grass01
grass01
grass00
grass01
grass00
grass00
grass01
grass00
grass01
grass00
grass00
grass02
grass00
grass01
grass02
grass00
grass02
grass02
grass02
grass02
grass02
grass01
grass00
grass01
grass02
grass00
grass01
grass02
grass01
grass02
grass01
grass01
grass02
grass00
grass02
grass01
grass02
grass02
grass01
grass00
grass02
grass00
grass02
grass01
grass00
grass02
grass01
grass01
grass01
grass02
grass02
grass02
grass01
grass01
grass02
grass00
grass00
grass00
grass01
grass01
grass01
grass00
grass02
grass02
grass00
grass02
grass02
grass02
grass01
grass02
grass01
grass02
grass01
grass01
grass00
grass00
grass00
grass00
grass01
grass00
grass01
grass00
grass01
grass02
grass00
grass02
grass00
grass00
grass01
grass01
grass00
grass01
grass01
grass01
grass00
grass02
grass02
grass01
grass00
grass00
grass02
grass00
grass01
grass02
grass00
grass01
grass02
grass02
grass00
grass00
grass02
grass00
grass01
grass02
grass02
grass01
grass01
grass01
grass00
grass01
grass01
grass00
grass01
grass01
grass00
grass00
grass00
grass02
grass00
grass01
grass01
grass01
grass01
grass02
grass00
grass00
grass01
grass02
grass02
grass01
grass01
grass00
grass00
grass02
grass01
grass01
grass02
grass01
grass01
grass01
grass01
grass02
grass00
grass02
grass01
grass01
grass02
grass00
grass02
grass02
grass01
grass02
grass02
grass01
grass00
grass02
grass01
grass01
grass00
grass02
grass00
grass00
grass01
grass00
grass02
grass01
grass00
grass00
grass02
grass00
grass00
grass00
grass01
grass02
grass01
grass01
grass00
grass02
grass00
grass02
grass00
grass00
grass00
grass01
grass00
grass01
grass02
grass00
grass01
grass01
grass00
grass01
grass01
grass01
grass00
grass02
grass02
grass02
grass01
grass00
grass02
grass01
grass01
grass01
grass02
grass02
grass02
grass01
grass01
grass02
grass02
grass02
grass00
grass01
grass02
grass02
grass01
grass01
grass01
grass01
grass02
grass01
grass02
grass00
grass01
grass01
grass00
grass00
grass01
grass01
grass01
grass02
grass01
grass02
grass00
grass02
grass01
grass01
grass00
grass00
grass02
grass01
grass01
grass02
grass00
grass00
grass00
grass01
grass00
grass00
grass02
grass01
grass01
grass02
grass00
grass01
grass02
grass00
grass00
grass00
grass00
grass01
grass01
grass00
grass02
grass00
grass01
grass01
grass01
grass00
grass01
grass01
grass00
grass01
grass02
grass02
grass01
grass01
grass02
grass01
grass01
grass00
grass01
grass01
grass01
grass00
grass02
grass02
grass02
grass01
grass00
grass01
grass01
grass01
grass00
grass01
grass00
grass01
grass02
grass00
grass01
grass02
grass01
grass00
grass00
grass02
grass01
grass00
grass00
grass02
grass01
grass01
grass01
grass00
grass01
grass02
grass02
grass02
grass00
grass01
grass02
grass00
grass01
grass01
grass00
grass01
grass02
grass02
grass01
grass01
grass02
grass00
grass00
grass02
grass02
grass02
grass01
grass02
grass02
grass02
grass00
grass02
grass00
grass01
grass02
grass00
grass02
grass01
grass00
grass02
grass00
grass02
grass00
grass01
grass00
grass00
grass00
grass02
grass02
grass00
grass02
grass00
grass00
grass01
grass02
grass00
grass00
grass01
grass01
grass02
grass00
grass01
grass00
grass02
grass01
grass02
grass00
grass02
grass01
grass00
grass00
grass01
grass01
grass00
grass01
grass00
grass02
grass01
grass01
grass01
grass00
grass02
grass00
grass02
grass02
grass01
grass01
grass01
grass01
grass02
grass00
grass01
grass02
grass02
grass01
grass00
grass00
grass00
grass01
grass00
grass00
grass00
grass01
grass01
grass00
grass01
grass00
grass02
grass00
grass00
grass02
grass02
grass01
grass01
grass01
grass00
grass02
grass00
grass00
grass02
grass02
grass02
grass02
grass00
grass01
grass02
grass02
grass00
grass02
grass02
grass02
grass01
grass02
grass00
grass00
grass02
grass02
grass00
grass00
marsh
grass02
grass01
grass01
grass02
grass02
grass02
grass00
marsh
marsh
marsh
marsh
grass02
grass01
grass02
grass01
grass00
grass01
grass02
grass02
grass02
grass00
grass00
grass02
grass02
grass02
grass02
grass02
grass01
grass00
grass01
grass00
grass01
grass01
grass01
grass01
grass00
grass01
grass01
grass00
grass02
grass00
grass00
grass00
grass02
grass02
grass01
grass02
grass00
grass02
marsh
marsh
marsh
grass00
grass02
grass02
grass01
grass00
marsh
marsh
marsh
marsh
marsh
marsh
grass02
grass01
grass00
grass01
grass01
grass00
grass00
grass01
grass02
grass00
grass01
grass01
grass01
grass01
grass02
grass02
grass02
grass02
grass02
grass00
grass01
grass00
grass01
grass02
grass02
grass01
grass02
grass01
grass01
grass02
grass02
grass02
grass02
grass02
grass02
grass02
marsh
marsh
marsh
marsh
water2
water1
water1
water2
water2
grass01
marsh
marsh
marsh
marsh
marsh
grass00
grass02
grass01
grass01
grass00
grass00
grass02
grass01
grass00
grass01
grass02
grass00
grass00
grass00
grass02
grass02
grass00
grass00
grass01
grass02
grass01
grass00
grass01
grass00
grass00
grass02
grass01
grass01
grass00
grass00
grass00
grass02
grass02
grass01
grass02
grass02
marsh
marsh
marsh
water2
water1
water1
water1
water1
water1
marsh
marsh
marsh
marsh
marsh
marsh
grass02
grass01
grass02
grass01
grass00
grass00
grass01
grass00
grass02
grass01
grass00
grass00
grass01
grass00
grass01
grass00
grass02
grass01
grass00
grass00
grass02
grass02
grass00
grass02
grass02
grass00
grass00
grass00
grass01
grass00
grass01
grass02
grass00
grass00
grass02
grass00
grass00
marsh
water2
water2
water2
water2
water1
water2
water1
marsh
marsh
marsh
marsh
marsh
grass02
grass00
grass00
grass01
grass01
grass02
grass01
grass00
grass01
grass00
grass00
grass02
grass02
grass01
grass01
grass00
grass01
grass01
grass02
grass02
grass01
grass01
grass01
grass01
grass01
grass02
grass01
grass02
grass01
grass02
grass00
grass02
grass01
grass00
grass00
grass02
grass00
grass02
grass02
water1
water1
water1
water1
water2
water2
water2
water1
marsh
water1
marsh
grass02
grass02
grass00
grass02
grass01
grass00
grass00
grass02
grass02
grass02
grass01
grass01
grass00
grass01
grass00
grass01
grass00
grass00
grass02
grass00
grass00
grass01
grass00
grass00
grass00
grass00
grass02
grass01
grass00
grass02
grass00
grass01
grass01
grass00
grass02
grass02
grass00
grass01
grass00
grass01
water1
water1
water1
water2
water2
water1
water2
water1
water1
water1
grass01
grass01
grass02
grass00
grass01
grass02
grass00
grass01
grass00
grass02
grass00
grass00
grass00
grass01
grass01
grass01
grass01
grass00
grass00
grass01
grass02
grass02
grass00
grass00
grass02
grass02
grass00
grass01
grass00
grass02
grass00
grass01
grass02
grass02
grass01
grass02
grass00
grass00
grass00
grass02
water1
water1
water2
water1
water1
water1
water2
water2
water1
water1
water2
water1
grass00
grass02
grass01
grass01
grass00
grass01
grass01
grass00
grass02
grass01
grass00
grass00
grass01
grass00
grass01
grass01
grass02
grass01
grass02
grass00
grass02
grass02
grass02
grass00
grass02
grass01
grass00
grass01
grass00
grass02
grass00
grass00
grass01
grass00
grass00
grass01
grass00
grass01
water2
water1
water1
water2
water1
water2
water1
water2
water1
water2
water1
water1
water2
grass00
grass01
grass01
grass00
grass01
grass02
grass02
grass02
grass00
grass00
grass01
grass02
grass00
grass00
grass01
grass02
grass00
grass01
grass01
grass01
grass01
grass02
grass01
grass02
grass01
grass01
grass00
grass00
grass01
grass02
grass00
grass01
grass00
grass00
grass02
grass01
grass01
water2
water1
water1
water2
water2
water1
water2
water2
water2
water2
water1
water2
water2
water2
grass02
grass02
grass00
grass00
grass01
grass01
grass02
grass01
grass01
grass01
grass00
grass01
grass00
grass00
grass02
grass02
grass00
grass01
grass01
grass02
grass02
grass02
grass02
grass02
grass00
grass00
grass00
grass00
grass01
grass02
grass01
grass01
grass02
grass01
grass00
grass00
grass01
water2
water2
water2
water2
water1
water1
water1
water2
water2
water1
water1
water2
water2
water1
grass00
grass02
grass00
grass02
grass00
grass02
grass01
grass02
grass01
grass02
grass00
grass02
grass01
grass00
grass01
grass00
grass02
grass02
grass02
grass02
grass01
grass01
grass02
grass02
grass02
grass00
grass01
grass01
grass02
grass01
grass01
grass01
grass02
grass00
grass02
grass01
water1
water2
water1
water1
water2
water1
water1
water2
water1
water2
water1
water2
water2
water1
water1
grass02
grass02
grass00
grass00
grass01
grass00
grass01
grass00
grass01
grass01
grass01
grass02
grass01
grass00
grass00
grass02
grass00
grass01
grass01
grass00
grass01
grass01
grass01
grass01
grass01
grass00
grass00
grass00
grass01
grass02
grass00
grass02
grass01
grass02
grass01
grass01
grass01
water1
water1
water2
water1
water2
water1
water1
water2
water2
water1
water2
water2
water1
water2
grass01
grass00
grass01
grass01
grass01
grass02
grass01
grass00
grass02
grass02
grass00
grass00
grass00
grass02
grass00
grass00
grass00
grass01
grass00
grass02
grass01
grass01
grass01
grass02
grass00
grass00
grass00
grass01
grass00
grass02
grass00
grass00
grass02
grass00
grass00
grass00
water1
water1
water2
water1
water2
water2
water2
water1
water2
water1
water2
water2
water1
water1
grass02
grass01
grass01
grass01
grass02
grass02
grass01
grass02
grass02
grass00
grass01
grass02
grass02
grass00
grass02
grass01
grass02
grass02
grass01
grass01
grass00
grass00
grass02
grass01
grass01
grass02
grass02
grass01
grass02
grass00
grass01
grass02
grass00
grass00
grass00
grass01
grass02
grass01
water1
water1
water1
water2
water2
water1
water2
water2
water1
water1
water1
water2
water2
grass02
grass01
grass00
grass02
grass00
grass02
grass00
grass01
grass00
grass01
grass00
grass01
grass01
grass00
grass00
grass01
grass02
grass01
grass02
grass02
grass02
grass01
grass01
grass02
grass00
grass01
grass02
grass02
grass01
grass00
grass00
grass02
end
tree
4 36
tree
4 39
tree
4 48
tree
7 36
tree
7 39
tree
7 42
tree
7 45
tree
7 48
tree
10 30
tree
10 36
tree
10 39
tree
10 42
tree
10 45
tree
13 33
tree
13 36
tree
13 39
tree
13 42
tree
13 45
tree
13 48
tree
16 33
tree
16 36
tree
16 39
tree
16 42
tree
16 45
tree
16 48
tree
17 16
tree
17 19
tree
19 39
tree
19 42
tree
19 45
tree
19 48
tree
20 16
tree
20 19
tree
20 22
tree
22 39
tree
22 42
tree
22 48
tree
23 7
tree
23 13
tree
23 16
tree
23 19
tree
23 22
tree
25 39
tree
25 45
tree
25 48
tree
26 7
tree
26 10
tree
26 13
tree
26 16
tree
26 19
tree
28 48
tree
29 7
tree
29 10
tree
29 13
tree
29 16
tree
29 19
tree
29 22
tree
29 25
tree
30 30
tree
32 4
tree
32 7
tree
32 22
tree
33 33
tree
33 42
tree
33 45
tree
35 4
tree
36 30
tree
36 33
tree
36 36
tree
36 42
tree
36 45
tree
36 48
tree
38 4
tree
39 27
tree
39 33
tree
39 39
tree
39 42
tree
39 45
tree
39 48
tree
42 24
tree
42 33
tree
42 36
tree
42 39
tree
42 42
tree
42 45
tree
42 48
tree
45 36
tree
45 39
tree
45 42
tree
45 45
tree
45 48
tree
48 42
tree
48 45
tree
48 48
end
Aiel
 20 770 776 28 1
Dedicated
 20 2341 1636 208 2
Trolloc Crossbowman
 15 196 896 22 1
Trolloc Crossbowman
 15 560 363 51 1
Myrddraal
 12 927 301 48 1
Siswai'aman
 5 1974 2445 218 2
Siswai'aman
 5 1751 2307 90 2
Siswai'aman
 5 1870 2191 90 2
Siswai'aman
 5 1555 2284 218 2
Siswai'aman
 5 1685 2153 90 2
end
