MapFile [http://wotwar.googlecode.com]
51 51
500

2
0
0
end
sand2
sand2
sand
sand1
sand1
sand
sand1
sand2
sand
sand
sand2
sand
sand2
sand2
sand
sand1
sand1
sand
sand2
sand2
sand1
sand
sand2
sand
sand1
sand2
sand
sand1
sand2
sand
sand1
sand2
sand
sand
sand1
sand2
sand1
sand2
sand
sand
sand
sand
sand2
sand1
sand
sand1
sand
sand2
sand2
sand1
sand1
sand1
sand1
sand2
sand
sand1
sand2
sand1
sand1
sand2
sand2
sand
sand2
sand1
sand2
sand1
sand1
sand2
sand2
sand2
sand1
sand1
sand
sand1
sand
sand1
sand2
sand1
sand1
sand
sand2
sand
sand1
sand2
sand
sand
sand1
sand
sand2
sand2
sand1
sand
sand1
sand1
sand1
sand1
sand1
sand
sand1
sand1
sand
sand2
sand1
sand1
sand1
sand2
sand1
sand2
sand
sand
sand2
sand1
sand1
sand2
sand1
sand2
sand
sand1
sand1
sand
sand2
sand
sand1
sand
sand
sand
sand
sand
sand1
sand2
sand2
sand2
sand2
sand
sand2
sand1
sand
sand1
sand2
sand2
sand1
sand
sand2
sand1
sand
sand2
sand2
sand1
sand
sand1
sand
sand1
sand2
sand2
sand
sand1
sand
sand1
sand1
sand2
sand
sand2
sand
sand1
sand1
sand
sand1
sand1
sand
sand
sand2
sand2
sand1
sand2
sand1
sand2
sand2
sand1
sand2
sand1
sand2
sand
sand2
sand
sand
sand
sand2
sand2
sand2
sand1
sand2
sand
sand1
sand1
sand2
sand2
sand
sand1
sand2
sand
sand
sand
sand1
sand2
sand1
sand
sand
sand
sand1
sand
sand
sand2
sand1
sand1
sand
sand2
sand2
sand1
sand
sand2
sand
sand
sand1
sand2
sand2
sand2
sand
sand2
sand1
sand1
sand1
sand2
sand
sand
sand2
sand1
sand
sand1
sand
sand
sand1
sand1
sand
sand1
sand
sand2
sand2
sand1
sand
sand2
sand1
sand2
sand
sand1
sand
sand1
sand1
sand1
sand1
sand2
sand1
sand1
sand
sand1
sand1
sand1
sand
sand
sand2
sand1
sand1
sand1
sand1
sand
sand1
sand
sand1
sand1
sand2
sand2
sand1
sand2
sand2
sand
sand1
sand
sand2
sand
sand1
sand
sand1
sand1
sand
sand2
sand
sand2
sand
sand2
sand
sand
sand2
sand
sand
sand
sand1
sand
sand2
sand
sand2
sand1
sand
sand1
sand2
sand1
sand2
sand
sand1
sand2
sand1
sand1
sand1
sand
sand
sand2
sand1
sand
sand1
sand
sand
sand
sand1
sand2
sand
sand
sand1
sand
sand
sand1
sand1
sand
sand1
sand2
sand2
sand
sand1
sand
sand2
sand
sand
sand2
sand
sand2
sand
sand
sand1
sand
sand2
sand1
sand
sand1
sand2
sand2
sand2
sand1
sand
sand1
sand1
sand2
sand
sand1
sand1
sand
sand2
sand1
sand1
sand1
sand2
sand2
sand
sand
sand2
sand
sand
sand
sand1
sand
sand1
sand1
sand2
sand2
sand1
sand2
sand
sand
sand
sand1
sand
sand
sand1
sand1
sand
sand2
sand2
sand2
sand2
sand2
sand1
sand2
sand1
sand2
sand
sand1
sand1
sand1
sand2
sand
sand2
sand1
sand
sand
sand1
sand2
sand
sand2
sand
sand2
sand1
sand1
sand1
sand1
sand
sand1
sand1
sand
sand2
sand1
sand
sand2
sand1
sand2
sand
sand
sand1
sand1
sand
sand1
sand
sand1
sand1
sand1
sand2
sand1
sand1
sand2
sand2
sand2
sand
sand1
sand2
sand1
sand2
sand
sand1
sand2
sand2
sand1
sand1
sand2
sand2
sand
sand
sand
sand1
sand
sand2
sand1
sand
sand
sand
sand2
sand2
sand2
sand1
sand1
sand
sand
sand2
sand1
sand
sand2
sand1
sand
sand2
sand
sand
sand2
sand
sand2
sand
sand
sand
sand1
sand
sand2
sand2
sand1
sand2
sand2
sand2
sand
sand2
sand2
sand1
sand1
sand2
sand
sand
sand2
sand1
sand1
sand1
sand1
sand2
sand2
sand1
sand
sand
sand2
sand1
sand
sand2
sand1
sand2
sand1
sand2
sand2
sand
sand2
sand2
sand2
sand1
sand2
sand
sand2
sand2
sand2
sand1
sand
sand2
sand
sand2
sand2
sand2
sand2
sand2
sand1
sand1
sand2
sand2
sand2
sand
sand
sand2
sand1
sand2
sand2
sand2
sand
sand
sand2
sand
sand2
sand2
sand1
sand
sand2
sand2
sand1
sand1
sand2
sand
sand1
sand2
sand
sand1
sand1
sand
sand
sand2
sand2
sand
sand1
sand1
sand
sand
sand
sand
sand1
sand1
sand2
sand1
sand
sand1
sand2
sand
sand
sand
sand2
sand2
sand2
sand2
sand
sand
sand
sand1
sand
sand2
sand1
sand1
sand
sand2
sand1
sand2
sand1
sand
sand1
sand
sand1
sand2
sand
sand1
sand1
sand1
sand
sand
sand1
sand
sand1
sand2
sand1
sand1
sand
sand2
sand
sand1
sand1
sand1
sand1
sand1
sand
sand2
sand2
sand
sand1
sand2
sand1
sand
sand2
sand
sand
sand
sand2
sand2
sand2
sand
sand1
sand2
sand2
sand1
sand
sand1
sand
sand1
sand1
sand1
sand1
sand1
sand1
sand
sand1
sand2
sand2
sand1
sand
sand2
sand1
sand2
sand1
sand2
sand1
sand2
sand2
sand
sand2
sand
sand1
sand1
sand
sand1
sand1
sand1
sand1
sand1
sand1
sand1
sand1
sand
sand
sand2
sand
sand2
sand2
sand1
sand2
sand1
sand1
sand
sand1
sand
sand
sand
sand1
sand1
sand2
sand1
sand2
sand1
sand1
sand1
sand1
sand2
sand
sand
sand2
sand2
sand2
sand2
sand2
sand
sand2
sand1
sand1
sand
sand
sand
sand2
sand
sand2
sand1
sand2
sand1
sand
sand
sand2
sand2
sand
sand
sand2
sand1
sand1
sand
sand2
sand
sand1
sand
sand2
sand1
sand
sand
sand
sand
sand2
sand1
sand1
sand1
sand
sand2
sand2
sand1
sand1
sand2
sand
sand2
sand1
sand1
sand2
sand1
sand1
sand2
sand1
sand1
sand1
sand2
sand2
sand
sand
sand2
sand2
sand1
sand
sand1
sand2
sand1
sand
sand1
sand
sand2
sand1
sand
sand1
sand
sand
sand1
sand
sand2
sand
sand1
sand2
sand
sand2
sand1
sand2
sand
sand1
sand1
sand1
sand2
sand2
sand2
sand1
sand
sand
sand2
sand
sand2
sand2
sand
sand1
sand
sand2
sand1
sand2
sand1
sand1
sand
sand1
sand2
sand
sand1
sand
sand
sand
sand
sand1
sand2
sand
sand
sand2
sand
sand1
sand2
sand2
sand2
sand2
sand2
sand2
sand1
sand1
sand2
sand
sand1
sand1
sand1
sand2
sand2
sand
sand1
sand2
sand1
sand1
sand1
sand2
sand2
sand2
sand1
sand1
sand1
sand
sand2
sand2
sand2
sand2
sand2
sand1
sand
sand2
sand1
sand
sand1
sand2
sand2
sand
sand1
sand1
sand1
sand2
sand2
sand1
sand2
sand1
sand
sand1
sand1
sand2
sand2
sand
sand2
sand
sand1
sand
sand
sand1
sand
sand1
sand1
sand2
sand1
sand1
sand2
sand1
sand1
sand2
sand2
sand
sand
sand1
sand
sand
sand1
sand
sand2
sand1
sand
sand1
sand2
sand
sand
sand2
sand1
sand
sand1
sand
sand
sand
sand1
sand1
sand
sand
sand1
sand1
sand
sand
sand1
sand2
sand1
sand2
sand2
sand
sand1
sand
sand2
sand1
sand2
sand
sand1
sand
sand
sand2
sand
sand
sand
sand
sand1
sand1
sand1
sand
sand
sand2
sand2
sand
sand1
sand
sand2
sand
sand1
sand1
sand
sand
sand2
sand
sand2
sand2
sand2
sand
sand2
sand2
sand1
sand1
sand2
sand
sand2
sand
sand1
sand1
sand
sand
sand
sand1
sand1
sand1
sand2
sand
sand1
sand2
sand1
sand1
sand1
sand
sand2
sand2
sand1
sand
sand2
sand2
sand1
sand
sand2
sand1
sand2
sand2
sand2
sand1
sand
sand1
sand1
sand1
sand
sand1
sand
sand2
sand
sand1
sand1
sand
sand1
sand
sand1
sand1
sand2
sand2
sand1
sand1
sand2
sand1
sand2
sand2
sand2
sand1
sand
sand1
sand2
sand1
sand1
sand
sand
sand
sand2
sand1
sand
sand1
sand2
sand1
sand
sand
sand2
sand
sand2
sand2
sand1
sand2
sand2
sand1
sand1
sand
sand
sand1
sand
sand2
sand1
sand2
sand1
sand
sand
sand1
sand2
sand1
sand2
sand
sand1
sand
sand2
sand
sand2
sand
sand2
sand
sand
sand2
sand2
sand
sand
sand2
sand2
sand2
sand
sand2
sand1
sand2
sand
sand
sand2
sand
sand2
sand
sand2
sand1
sand
sand2
sand2
sand2
sand
sand2
sand1
sand1
sand
sand2
sand1
sand2
sand
sand1
sand
sand
sand2
sand2
sand
sand1
sand
sand2
sand1
sand1
sand
sand1
sand2
sand
sand
sand2
sand
sand1
sand
sand
sand1
sand1
sand
sand
sand
sand1
sand
sand2
sand
sand1
sand2
sand2
sand
sand
sand2
sand
sand2
sand1
sand1
sand1
sand
sand
sand1
sand1
sand
sand1
sand1
sand1
sand1
sand2
sand2
sand
sand2
sand
sand1
sand1
sand2
sand
sand1
sand1
sand2
sand1
sand1
sand2
sand1
sand1
sand1
sand2
sand
sand1
sand1
sand1
sand1
sand2
sand
sand2
sand2
sand2
sand2
sand1
sand2
sand2
sand2
sand
sand1
sand2
sand2
sand1
sand
sand1
sand
sand
sand
sand2
sand1
sand2
sand1
sand1
sand
sand
sand2
sand1
sand2
sand1
sand2
sand2
sand2
sand
sand2
sand2
sand
sand
sand2
sand
sand1
sand
sand1
sand1
sand
sand2
sand2
sand1
sand
sand
sand1
sand2
sand1
sand1
sand1
sand
sand2
sand1
sand2
sand1
sand1
sand
sand1
sand1
sand2
sand2
sand2
sand2
sand
sand2
sand1
sand
sand1
sand2
sand
sand2
sand2
sand
sand2
sand1
sand2
sand1
sand1
sand2
sand1
sand
sand2
sand
sand2
sand
sand
sand2
sand1
sand
sand1
sand1
sand
sand2
sand2
sand2
sand2
sand
sand1
sand1
sand1
sand2
sand1
sand1
sand
sand1
sand
sand1
sand
sand2
sand
sand2
sand
sand1
sand1
sand1
sand
sand
sand1
sand2
sand1
sand1
sand
sand
sand1
sand1
sand1
sand1
sand2
sand
sand1
sand1
sand2
sand
sand
sand
sand2
sand1
sand2
sand
sand2
sand1
sand1
sand
sand1
sand
sand
sand1
sand1
sand
sand1
sand
sand
sand
sand1
sand2
sand1
sand2
sand2
sand2
sand1
sand
sand
sand1
sand1
sand1
sand
sand1
sand1
sand
sand
sand1
sand
sand2
sand
sand1
sand
sand2
sand
sand
sand
sand
sand1
sand1
sand
sand
sand2
sand
sand
sand1
sand
sand
sand2
sand1
sand1
sand2
sand1
sand
sand1
sand1
sand1
sand
sand1
sand1
sand
sand2
sand1
sand2
sand2
sand2
sand
sand1
sand
sand2
sand
sand2
sand1
sand
sand
sand
sand2
sand
sand
sand
sand
sand2
sand1
sand2
sand1
sand
sand1
sand
sand
sand
sand
sand2
sand
sand2
sand2
sand
sand2
sand
sand2
sand1
sand1
sand
sand
sand2
sand1
sand1
sand
sand2
sand
sand1
sand
sand1
sand2
sand2
sand1
sand1
sand
sand1
sand2
sand2
sand2
sand
sand2
sand
sand
sand2
sand1
sand1
sand1
sand2
sand
sand2
sand
sand2
sand
sand2
sand
sand2
sand2
sand2
sand1
sand1
sand2
sand2
sand
sand2
sand1
sand2
sand
sand1
sand2
sand1
sand2
sand
sand
sand1
sand
sand2
sand
sand2
sand1
sand1
sand
sand
sand1
sand2
sand2
sand
sand1
sand
sand2
sand
sand1
sand2
sand
sand
sand1
sand2
sand
sand
sand1
sand
sand
sand1
sand1
sand
sand1
sand2
sand1
sand1
sand2
sand1
sand
sand
sand1
sand2
sand2
sand2
sand2
sand2
sand
sand
sand
sand2
sand1
sand2
sand
sand1
sand2
sand2
sand
sand1
sand
sand
sand1
sand2
sand2
sand
sand
sand1
sand2
sand
sand
sand1
sand1
sand
sand1
sand1
sand
sand2
sand1
sand1
sand
sand
sand1
sand
sand1
sand2
sand1
sand
sand1
sand2
sand
sand
sand
sand2
sand
sand1
sand
sand1
sand
sand
sand2
sand1
sand2
sand1
sand2
sand1
sand1
sand1
sand1
sand1
sand
sand
sand2
sand
sand
sand
sand2
sand2
sand2
sand2
sand
sand
sand1
sand1
sand
sand2
sand
sand2
sand1
sand1
sand
sand1
sand1
sand2
sand
sand2
sand2
sand
sand1
sand1
sand1
sand2
sand2
sand2
sand
sand1
sand1
sand1
sand1
sand1
sand2
sand1
sand
sand
sand
sand2
sand1
sand2
sand1
sand
sand
sand2
sand
sand2
sand
sand1
sand2
sand2
sand2
sand1
sand2
sand1
sand2
sand2
sand1
sand2
sand
sand2
sand2
sand
sand2
sand1
sand
sand2
sand
sand2
sand2
sand2
sand1
sand2
sand1
sand2
sand2
sand2
sand
sand
sand1
sand
sand1
sand1
sand2
sand1
sand
sand2
sand
sand
sand
sand2
sand1
sand2
sand
sand
sand2
sand1
sand1
sand1
sand1
sand2
sand1
sand
sand1
sand1
sand1
sand1
sand1
sand1
sand
sand1
sand
sand1
sand
sand1
sand1
sand2
sand
sand
sand
sand1
sand
sand2
sand2
sand1
sand
sand2
sand
sand
sand1
sand
sand2
sand1
sand
sand2
sand
sand2
sand2
sand2
sand2
sand1
sand1
sand
sand1
sand2
sand2
sand2
sand2
sand1
sand
sand
sand2
sand1
sand
sand
sand1
sand2
sand
sand
sand2
sand
sand1
sand
sand1
sand2
sand1
sand
sand2
sand1
sand1
sand
sand
sand2
sand1
sand2
sand2
sand1
sand2
sand
sand
sand1
sand1
sand
sand
sand2
sand1
sand
sand2
sand2
sand1
sand
sand
sand2
sand1
sand
sand
sand
sand1
sand
sand
sand
sand1
sand1
sand1
sand
sand1
sand2
sand2
sand1
sand2
sand2
sand
sand2
sand1
sand1
sand2
sand1
sand2
sand
sand1
sand
sand
sand1
sand1
sand
sand
sand2
sand
sand2
sand
sand1
sand2
sand2
sand
sand2
sand1
sand
sand1
sand1
sand2
sand2
sand2
sand
sand2
sand2
sand2
sand
sand
sand
sand2
sand2
sand2
sand
sand2
sand1
sand1
sand2
sand1
sand2
sand
sand2
sand2
sand1
sand
sand
sand
sand
sand1
sand2
sand2
sand1
sand
sand2
sand2
sand1
sand2
sand
sand
sand
sand1
sand
sand1
sand
sand1
sand1
sand
sand
sand1
sand2
sand1
sand
sand2
sand1
sand1
sand1
sand
sand2
sand1
sand1
sand
sand1
sand
sand2
sand1
sand1
sand1
sand2
sand2
sand
sand
sand2
sand1
sand
sand1
sand1
sand2
sand1
sand
sand2
sand1
sand2
sand2
sand
sand1
sand1
sand
sand2
sand2
sand2
sand1
sand1
sand1
sand
sand1
sand1
sand2
sand1
sand1
sand
sand2
sand2
sand2
sand2
sand
sand2
sand1
sand2
sand1
sand2
sand2
sand2
sand1
sand
sand1
sand1
sand2
sand2
sand1
sand
sand1
sand
sand2
sand1
sand1
sand2
sand
sand1
sand2
sand2
sand
sand
sand2
sand1
sand2
sand1
sand
sand2
sand2
sand2
sand2
sand2
sand
sand2
sand
sand2
sand1
sand
sand2
sand2
sand2
sand2
sand1
sand1
sand1
sand1
sand2
sand2
sand
sand2
sand2
sand1
sand
sand
sand
sand1
sand
sand2
sand1
sand2
sand1
sand
sand
sand
sand
sand2
sand2
sand2
sand
sand
sand2
sand2
sand
sand2
sand2
sand2
sand1
sand
sand2
sand2
sand
sand
sand1
sand
sand1
sand
sand
sand2
sand2
sand1
sand
sand2
sand2
sand1
sand
sand1
sand
sand1
sand1
sand2
sand2
sand2
sand
sand
sand2
sand1
sand1
sand1
sand1
sand1
sand1
sand
sand
sand
sand1
sand2
sand1
sand1
sand2
sand2
sand1
sand
sand2
sand1
sand1
sand2
sand1
sand
sand1
sand
sand
sand1
sand
sand
sand
sand
sand2
sand1
sand2
sand2
sand1
sand2
sand2
sand1
sand1
sand2
sand2
sand1
sand2
sand2
sand
sand1
sand2
sand
sand1
sand2
sand1
sand2
sand
sand2
sand1
sand2
sand2
sand2
sand
sand
sand1
sand
sand
sand2
sand
sand1
sand2
sand1
sand1
sand2
sand
sand1
sand
sand
sand
sand1
sand2
sand
sand2
sand1
sand1
sand
sand2
sand2
sand1
sand1
sand2
sand2
sand1
sand
sand1
sand1
sand2
sand1
sand1
sand1
sand
sand1
sand2
sand
sand1
sand1
sand2
sand2
sand
sand
sand1
sand1
sand2
sand2
sand2
sand1
sand1
sand
sand2
sand1
sand2
sand2
sand1
sand2
sand1
sand2
sand1
sand2
sand1
sand
sand1
sand
sand2
sand2
sand1
sand1
sand2
sand1
sand1
sand
sand2
sand1
sand2
sand
sand2
sand
sand2
sand
sand
sand2
sand2
sand1
sand
sand
sand1
sand
sand1
sand1
sand
sand1
sand1
sand2
sand2
sand2
sand
sand2
sand2
sand2
sand2
sand2
sand
sand2
sand1
sand
sand2
sand1
sand
sand2
sand
sand2
sand
sand2
sand2
sand1
sand1
sand1
sand2
sand
sand
sand2
sand2
sand
sand2
sand
sand1
sand
sand
sand1
sand1
sand1
sand1
sand2
sand
sand1
sand
sand1
sand
sand2
sand2
sand1
sand
sand1
sand2
sand
sand
sand1
sand
sand
sand
sand2
sand
sand1
sand
sand1
sand2
sand2
sand
sand1
sand1
sand1
sand2
sand1
sand2
sand1
sand
sand1
sand1
sand1
sand2
sand2
sand1
sand
sand1
sand
sand2
sand2
sand
sand
sand
sand
sand2
sand2
sand2
sand1
sand2
sand2
sand1
sand
sand2
sand1
sand
sand
sand2
sand
sand2
sand
sand2
sand2
sand
sand1
sand2
sand
sand
sand1
sand1
sand2
sand2
sand1
sand
sand1
sand
sand1
sand1
sand
sand
sand1
sand1
sand2
sand
sand
sand1
sand1
sand1
sand2
sand2
sand1
sand
sand
sand1
sand2
sand2
sand1
sand2
sand2
sand
sand2
sand2
sand
sand2
sand1
sand2
sand
sand2
sand2
sand1
sand1
sand2
sand
sand1
sand1
sand2
sand2
sand
sand1
sand2
sand
sand
sand
sand
sand
sand1
sand1
sand2
sand1
sand2
sand
sand1
sand
sand2
sand1
sand1
sand
sand1
sand2
sand
sand
sand1
sand1
sand2
sand
sand2
sand1
sand
sand
sand
sand1
sand1
sand2
sand2
sand
sand
sand1
sand
sand2
sand1
sand2
sand1
sand
sand1
sand
sand1
sand1
sand2
sand
sand1
sand
sand2
sand
sand2
sand
sand1
sand
sand2
sand
sand1
sand1
sand2
sand
sand2
sand2
sand2
sand2
sand1
sand
sand2
sand
sand1
sand1
sand
sand
sand
sand
sand2
sand
sand2
sand1
sand1
sand2
sand2
sand2
sand1
sand2
sand2
sand1
sand
sand1
sand
sand1
sand
sand2
sand1
sand
sand
sand1
sand2
sand
sand2
sand1
sand
sand1
sand2
sand1
sand2
sand2
sand
sand2
sand1
sand2
sand
sand2
sand2
sand2
sand2
sand
sand2
sand1
sand2
sand
sand2
sand1
sand1
sand2
sand2
sand2
sand1
sand2
sand1
sand1
sand2
sand
sand
sand2
sand
sand1
sand
sand1
sand2
sand2
sand1
sand1
sand2
sand1
sand2
sand2
sand
sand1
sand2
sand
sand2
sand
sand2
sand1
sand2
sand2
sand1
sand2
sand
sand
sand1
sand
sand1
sand
sand
sand2
sand2
sand2
sand1
sand
sand2
sand
sand2
sand1
sand
sand2
sand2
sand1
sand1
sand2
sand2
end
end
Asha'man
 2 1459 1218 58 1
Asha'man
 2 1717 1164 82 1
Asha'man
 2 1612 1306 71 1
Asha'man
 2 1410 1412 90 1
Siswai'aman
 2 991 2383 349 1
Siswai'aman
 5 838 2217 355 1
Siswai'aman
 5 1150 2241 331 1
Siswai'aman
 5 1277 2438 289 1
Siswai'aman
 5 1461 2353 285 1
Siswai'aman
 5 1016 2040 90 1
Aiel
 15 1884 2507 301 1
Aiel
 15 2059 2690 296 1
Aiel
 15 2355 2699 284 1
Aiel
 15 2178 2382 285 1
Aiel
 15 2546 2421 272 1
Warder
 15 2611 1651 144 2
Warder
 15 3000 1750 90 2
Warder
 15 3096 3136 210 2
Warder
 15 1434 3030 304 2
Archer
 10 408 979 90 2
Archer
 10 675 899 82 2
Archer
 10 1017 920 89 2
Archer
 10 614 1168 90 2
Archer
 10 887 1138 87 2
Archer
 10 183 1205 88 2
Archer
 10 892 684 76 2
Archer
 10 499 722 90 2
Archer
 10 131 840 52 2
Trolloc Crossbowman
 12 2140 562 90 1
Trolloc Crossbowman
 12 2551 591 90 1
end
