MapFile [http://wotwar.googlecode.com]
51 51
500

2
0
0
end
sand2
sand2
sand
sand1
sand
sand
sand1
sand2
sand
sand
sand1
sand1
sand1
sand
sand
sand
sand1
sand
sand2
sand1
sand1
sand
sand2
sand
sand
sand1
sand2
sand
sand2
sand
sand1
sand2
sand
sand2
sand1
sand1
sand
sand
sand1
sand1
sand1
sand
sand
sand
sand1
sand2
sand
sand1
sand2
sand1
sand
sand2
sand1
sand
sand1
sand
sand
sand1
sand1
sand
sand2
sand1
sand
sand1
sand1
sand2
sand
sand2
sand
sand2
sand1
sand
sand1
sand
sand1
sand
sand2
sand
sand2
sand
sand2
sand
sand1
sand2
sand2
sand
sand
sand2
sand2
sand
sand
sand
sand2
sand1
sand
sand2
sand2
sand
sand2
sand
sand1
sand2
sand1
sand
sand2
sand1
sand2
sand
sand2
sand2
sand2
sand2
sand
sand2
sand2
sand
sand1
sand
sand
sand2
sand2
sand2
sand
sand2
sand2
sand1
sand2
sand1
sand
sand
sand
sand2
sand2
sand2
sand1
sand
sand
sand
sand2
sand1
sand
sand
sand1
sand1
sand
sand1
sand2
sand2
sand2
sand
sand2
sand
sand
sand1
sand
sand
sand1
sand
sand
sand1
sand1
sand1
sand2
sand2
sand1
sand1
sand
sand
sand2
sand1
sand2
sand1
sand2
sand1
sand
sand
sand
sand
sand1
sand1
sand2
sand2
sand2
sand
sand1
sand
sand1
sand
sand1
sand
sand
sand
sand1
sand1
sand
sand1
sand
sand1
sand2
sand1
sand
sand
sand2
sand
sand
sand
sand1
sand1
sand1
sand
sand
sand1
sand
sand
sand2
sand2
sand1
sand2
sand1
sand
sand
sand2
sand1
sand
sand1
sand
sand2
sand2
sand
sand
sand1
sand1
sand1
sand1
sand2
sand2
sand
sand2
sand
sand
sand
sand2
sand2
sand1
sand
sand2
sand2
sand2
sand2
sand1
sand
sand
sand1
sand
sand1
sand1
sand1
sand1
sand1
sand2
sand2
sand2
sand1
sand1
sand2
sand2
sand1
sand2
sand2
sand
sand1
sand
sand2
sand1
sand
sand1
sand1
sand
sand1
sand2
sand
sand2
sand
sand
sand
sand2
sand2
sand2
sand2
sand1
sand2
sand2
sand1
sand2
sand1
sand2
sand2
sand2
sand
sand
sand
sand1
sand2
sand1
sand
sand1
sand2
sand2
sand
sand1
sand2
sand1
sand1
sand1
sand2
sand
sand1
sand2
sand
sand
sand1
sand1
sand1
sand1
sand2
sand2
sand1
sand2
sand
sand1
sand
sand1
sand
sand1
sand
sand1
sand2
sand
sand2
sand
sand
sand1
sand1
sand2
sand1
sand2
sand2
sand
sand2
sand1
sand1
sand1
sand2
sand1
sand
sand2
sand1
sand2
sand2
sand2
sand1
sand1
sand1
sand
sand
sand2
sand
sand
sand1
sand2
sand1
sand2
sand2
sand1
sand1
sand1
sand1
sand2
sand2
sand
sand1
sand2
sand
sand2
sand
sand1
sand2
sand2
sand1
sand2
sand2
sand1
sand2
sand1
sand
sand
sand2
sand1
sand1
sand1
sand1
sand1
sand2
sand2
sand
sand2
sand
sand2
sand2
sand1
sand1
sand1
sand
sand1
sand1
sand2
sand1
sand2
sand
sand1
sand
sand
sand
sand
sand
sand2
sand1
sand1
sand1
sand1
sand
sand
sand
sand2
sand
sand1
sand2
sand2
sand1
sand2
sand
sand2
sand1
sand2
sand2
sand1
sand2
sand1
sand
sand
sand1
sand1
sand1
sand
sand2
sand
sand
sand1
sand1
sand2
sand
sand
sand1
sand1
sand1
sand1
sand
sand1
sand2
sand
sand1
sand
sand
sand1
sand1
sand1
sand1
sand1
sand1
sand
sand2
sand
sand2
sand2
sand1
sand2
sand
sand2
sand2
sand
sand2
sand
sand
sand1
sand
sand
sand1
sand2
sand2
sand
sand
sand2
sand2
sand1
sand1
sand1
sand
sand
sand
sand2
sand2
sand1
sand
sand2
sand1
sand2
sand
sand2
sand
sand
sand
sand
sand2
sand2
sand2
sand1
sand2
sand2
sand1
sand
sand1
sand1
sand2
sand
sand
sand2
sand2
sand2
sand
sand1
sand2
sand2
sand
sand
sand
sand
sand
sand
sand1
sand1
sand2
sand2
sand2
sand1
sand2
sand2
sand
sand
sand2
sand1
sand
sand
sand1
sand
sand2
sand
sand
sand
sand
sand1
sand
sand
sand2
sand1
sand1
sand
sand2
sand
sand2
sand1
sand
sand1
sand1
sand
sand1
sand1
sand1
sand2
sand2
sand
sand2
sand1
sand2
sand2
sand
sand
sand
sand
sand1
sand1
sand
sand
sand
sand
sand2
sand2
sand2
sand2
sand1
sand1
sand2
sand2
sand
sand
sand2
sand2
sand
sand1
sand
sand1
sand
sand
sand2
sand
sand
sand
sand2
sand1
sand2
sand2
sand1
sand
sand2
sand2
sand2
sand2
sand2
sand1
sand
sand2
sand
sand
sand2
sand2
sand2
sand2
sand
sand
sand1
sand1
sand1
sand2
sand
sand2
sand
sand
sand1
sand
sand
sand
sand2
sand2
sand2
sand
sand2
sand2
sand
sand
sand1
sand2
sand1
sand
sand
sand1
sand1
sand
sand1
sand2
sand2
sand
sand1
sand2
sand
sand1
sand2
sand2
sand
sand
sand
sand2
sand2
sand1
sand
sand2
sand2
sand1
sand2
sand1
sand
sand2
sand1
sand2
sand1
sand
sand1
sand
sand1
sand
sand1
sand
sand2
sand2
sand1
sand
sand2
sand
sand
sand1
sand2
sand1
sand2
sand2
sand
sand
sand2
sand1
sand
sand2
sand
sand1
sand
sand2
sand1
sand1
sand
sand1
sand
sand
sand2
sand1
sand2
sand2
sand2
sand
sand
sand
sand1
sand1
sand
sand1
sand
sand
sand2
sand1
sand2
sand
sand
sand
sand
sand1
sand
sand
sand2
sand
sand
sand
sand2
sand1
sand
sand
sand
sand
sand2
sand
sand2
sand1
sand2
sand1
sand
sand
sand1
sand1
sand2
sand1
sand1
sand2
sand2
sand
sand1
sand
sand2
sand2
sand2
sand1
sand
sand
sand2
sand
sand2
sand1
sand1
sand
sand2
sand2
sand1
sand2
sand
sand1
sand1
sand2
sand2
sand1
sand2
sand2
sand
sand2
sand2
sand
sand2
sand2
sand1
sand
sand2
sand1
sand2
sand1
sand2
sand2
sand2
sand2
sand1
sand1
sand
sand2
sand1
sand
sand1
sand
sand
sand1
sand
sand
sand
sand1
sand
sand1
sand1
sand1
sand2
sand1
sand1
sand1
sand2
sand1
sand
sand2
sand
sand1
sand2
sand
sand1
sand2
sand
sand
sand1
sand2
sand1
sand
sand1
sand2
sand2
sand2
sand
sand
sand1
sand2
sand2
sand
sand1
sand2
sand
sand
sand2
sand1
sand2
sand1
sand1
sand
sand2
sand1
sand2
sand2
sand
sand2
sand
sand2
sand
sand
sand1
sand2
sand1
sand2
sand1
sand
sand1
sand1
sand
sand1
sand2
sand2
sand1
sand
sand
sand1
sand2
sand1
sand
sand1
sand
sand1
sand1
sand
sand1
sand2
sand1
sand
sand
sand
sand2
sand
sand2
sand1
sand
sand2
sand1
sand1
sand1
sand
sand1
sand2
sand
sand
sand
sand1
sand2
sand1
sand1
sand
sand1
sand2
sand2
sand2
sand1
sand2
sand
sand
sand
sand
sand1
sand
sand1
sand2
sand
sand2
sand2
sand2
sand1
sand1
sand
sand1
sand1
sand1
sand1
sand
sand1
sand2
sand2
sand
sand
sand1
sand1
sand1
sand2
sand1
sand1
sand2
sand
sand
sand
sand2
sand1
sand
sand2
sand
sand1
sand1
sand
sand
sand1
sand1
sand2
sand
sand
sand1
sand1
sand2
sand2
sand2
sand1
sand
sand1
sand1
sand2
sand1
sand
sand2
sand1
sand
sand
sand
sand1
sand
sand1
sand1
sand1
sand
sand1
sand2
sand1
sand2
sand2
sand1
sand
sand
sand1
sand
sand1
sand1
sand2
sand
sand
sand1
sand2
sand
sand1
sand
sand1
sand2
sand2
sand2
sand1
sand1
sand1
sand
sand
sand
sand1
sand2
sand
sand
sand2
sand
sand2
sand1
sand
sand2
sand2
sand
sand1
sand
sand
sand2
sand
sand1
sand1
sand1
sand2
sand
sand2
sand2
sand1
sand1
sand2
sand
sand2
sand
sand1
sand1
sand
sand
sand
sand1
sand
sand
sand
sand2
sand
sand1
sand
sand
sand2
sand2
sand
sand
sand
sand
sand
sand1
sand1
sand
sand1
sand1
sand2
sand1
sand2
sand
sand
sand2
sand
sand2
sand2
sand1
sand1
sand
sand2
sand
sand1
sand1
sand2
sand
sand
sand2
sand2
sand2
sand
sand1
sand
sand1
sand
sand
sand2
sand
sand2
sand
sand2
sand2
sand2
sand
sand
sand
sand2
sand
sand2
sand2
sand2
sand
sand2
sand2
sand
sand2
sand2
sand1
sand
sand2
sand1
sand2
sand1
sand
sand1
sand
sand1
sand1
sand
sand2
sand
sand1
sand
sand2
sand
sand
sand
sand
sand2
sand2
sand
sand1
sand
sand1
sand2
sand
sand2
sand2
sand
sand
sand2
sand1
sand
sand2
sand2
sand2
sand
sand1
sand1
sand2
sand1
sand2
sand1
sand1
sand
sand2
sand2
sand
sand
sand
sand
sand1
sand2
sand2
sand1
sand2
sand
sand1
sand2
sand1
sand2
sand2
sand
sand1
sand
sand1
sand1
sand1
sand1
sand1
sand1
sand2
sand
sand1
sand2
sand1
sand
sand
sand
sand2
sand1
sand1
sand2
sand1
sand1
sand1
sand1
sand
sand
sand1
sand2
sand1
sand1
sand1
sand
sand2
sand2
sand1
sand1
sand2
sand
sand2
sand2
sand2
sand2
sand2
sand1
sand1
sand1
sand2
sand1
sand2
sand1
sand1
sand1
sand
sand1
sand
sand1
sand2
sand
sand
sand1
sand1
sand2
sand2
sand1
sand
sand1
sand1
sand2
sand
sand2
sand
sand2
sand1
sand
sand1
sand
sand2
sand2
sand2
sand2
sand1
sand1
sand2
sand
sand
sand
sand1
sand1
sand
sand
sand
sand
sand1
sand
sand
sand2
sand2
sand
sand
sand1
sand2
sand1
sand1
sand1
sand
sand1
sand
sand2
sand
sand
sand
sand
sand2
sand2
sand
sand
sand1
sand
sand2
sand
sand1
sand1
sand2
sand1
sand2
sand
sand1
sand
sand
sand2
sand1
sand1
sand1
sand1
sand1
sand2
sand2
sand2
sand
sand1
sand2
sand1
sand2
sand
sand2
sand
sand1
sand1
sand1
sand2
sand2
sand1
sand
sand2
sand
sand1
sand
sand
sand2
sand2
sand2
sand1
sand1
sand2
sand
sand
sand2
sand1
sand
sand
sand
sand1
sand2
sand2
sand2
sand2
sand1
sand2
sand1
sand
sand2
sand2
sand
sand1
sand1
sand1
sand
sand2
sand1
sand
sand2
sand2
sand
sand1
sand2
sand1
sand
sand
sand
sand1
sand1
sand
sand
sand1
sand1
sand1
sand1
sand
sand
sand
sand1
sand
sand
sand1
sand2
sand2
sand1
sand1
sand
sand
sand1
sand1
sand1
sand2
sand1
sand1
sand2
sand2
sand1
sand2
sand1
sand1
sand
sand2
sand2
sand2
sand1
sand1
sand1
sand
sand
sand2
sand1
sand
sand2
sand2
sand1
sand2
sand
sand2
sand
sand
sand1
sand2
sand1
sand2
sand1
sand
sand2
sand1
sand
sand1
sand
sand2
sand2
sand
sand
sand1
sand2
sand2
sand2
sand
sand
sand1
sand2
sand1
sand2
sand1
sand
sand1
sand1
sand1
sand2
sand
sand1
sand1
sand1
sand1
sand2
sand1
sand
sand1
sand1
sand
sand1
sand
sand2
sand
sand
sand2
sand1
sand1
sand
sand1
sand
sand1
sand
sand
sand
sand2
sand2
sand
sand1
sand1
sand1
sand
sand1
sand
sand2
sand1
sand2
sand
sand1
sand
sand1
sand1
sand2
sand1
sand2
sand
sand1
sand1
sand2
sand
sand1
sand
sand
sand2
sand1
sand1
sand2
sand1
sand2
sand1
sand1
sand1
sand2
sand
sand2
sand
sand
sand
sand1
sand2
sand2
sand1
sand1
sand2
sand
sand2
sand1
sand2
sand1
sand1
sand1
sand
sand2
sand2
sand
sand2
sand1
sand2
sand2
sand
sand1
sand1
sand
sand2
sand
sand1
sand1
sand
sand1
sand
sand1
sand1
sand2
sand
sand1
sand
sand
sand
sand1
sand2
sand2
sand
sand2
sand
sand
sand1
sand
sand2
sand1
sand2
sand1
sand1
sand2
sand2
sand2
sand
sand1
sand
sand1
sand1
sand1
sand2
sand2
sand2
sand1
sand1
sand2
sand2
sand
sand2
sand2
sand2
sand2
sand
sand
sand
sand2
sand1
sand1
sand
sand2
sand2
sand
sand2
sand2
sand2
sand
sand2
sand1
sand2
sand
sand1
sand
sand
sand1
sand2
sand
sand2
sand
sand1
sand1
sand
sand2
sand1
sand1
sand
sand
sand1
sand
sand2
sand2
sand
sand
sand1
sand1
sand1
sand2
sand2
sand
sand1
sand2
sand1
sand
sand
sand
sand1
sand
sand1
sand2
sand
sand1
sand1
sand2
sand1
sand1
sand1
sand
sand2
sand
sand1
sand2
sand1
sand
sand
sand
sand2
sand1
sand2
sand2
sand
sand1
sand2
sand2
sand2
sand
sand
sand2
sand1
sand
sand2
sand
sand
sand
sand
sand2
sand2
sand2
sand
sand2
sand
sand
sand
sand2
sand1
sand1
sand
sand1
sand1
sand
sand1
sand2
sand
sand1
sand
sand1
sand
sand2
sand1
sand2
sand
sand1
sand
sand
sand
sand1
sand1
sand
sand2
sand2
sand1
sand
sand
sand2
sand
sand2
sand1
sand2
sand1
sand1
sand1
sand1
sand1
sand1
sand
sand2
sand1
sand
sand1
sand
sand1
sand
sand2
sand2
sand2
sand
sand2
sand
sand2
sand2
sand
sand
sand
sand2
sand1
sand1
sand2
sand
sand1
sand1
sand2
sand2
sand
sand1
sand2
sand1
sand2
sand2
sand
sand2
sand
sand2
sand2
sand
sand
sand2
sand2
sand
sand1
sand1
sand
sand2
sand
sand1
sand1
sand2
sand1
sand2
sand
sand
sand1
sand1
sand1
sand1
sand
sand2
sand
sand1
sand2
sand1
sand
sand
sand2
sand1
sand1
sand2
sand2
sand1
sand1
sand
sand
sand2
sand1
sand2
sand1
sand1
sand
sand1
sand
sand2
sand2
sand2
sand1
sand2
sand2
sand
sand2
sand
sand1
sand2
sand
sand
sand
sand
sand2
sand
sand
sand
sand2
sand
sand2
sand1
sand2
sand1
sand1
sand2
sand
sand1
sand1
sand2
sand1
sand1
sand2
sand2
sand1
sand2
sand
sand1
sand
sand
sand1
sand2
sand1
sand
sand
sand2
sand1
sand2
sand
sand1
sand2
sand
sand
sand
sand
sand1
sand
sand1
sand1
sand
sand1
sand
sand2
sand2
sand1
sand1
sand1
sand2
sand
sand
sand
sand
sand
sand2
sand2
sand1
sand
sand2
sand1
sand1
sand1
sand2
sand2
sand2
sand
sand
sand1
sand2
sand2
sand1
sand
sand1
sand
sand1
sand1
sand1
sand
sand1
sand1
sand2
sand2
sand
sand
sand
sand1
sand1
sand2
sand1
sand
sand2
sand
sand2
sand1
sand
sand2
sand
sand
sand2
sand2
sand1
sand1
sand1
sand
sand2
sand
sand2
sand1
sand
sand1
sand1
sand1
sand1
sand
sand2
sand
sand1
sand1
sand
sand
sand2
sand
sand1
sand1
sand
sand2
sand2
sand
sand
sand2
sand1
sand
sand2
sand
sand1
sand2
sand1
sand1
sand1
sand
sand1
sand1
sand1
sand1
sand1
sand1
sand2
sand
sand
sand1
sand1
sand2
sand2
sand1
sand2
sand
sand1
sand
sand1
sand
sand
sand
sand
sand2
sand1
sand
sand
sand
sand
sand1
sand1
sand2
sand1
sand
sand1
sand
sand
sand2
sand2
sand
sand
sand2
sand1
sand
sand
sand2
sand1
sand2
sand
sand
sand
sand1
sand1
sand1
sand2
sand
sand
sand
sand1
sand1
sand
sand1
sand2
sand1
sand1
sand1
sand
sand
sand
sand2
sand1
sand2
sand2
sand1
sand
sand1
sand1
sand
sand1
sand2
sand1
sand2
sand2
sand
sand2
sand
sand1
sand
sand1
sand1
sand2
sand2
sand
sand2
sand2
sand
sand1
sand
sand
sand
sand1
sand2
sand
sand
sand1
sand1
sand
sand1
sand
sand2
sand2
sand2
sand2
sand
sand
sand2
sand1
sand
sand1
sand
sand2
sand1
sand
sand
sand1
sand1
sand
sand1
sand2
sand2
sand2
sand
sand
sand
sand2
sand2
sand
sand
sand1
sand2
sand
sand1
sand2
sand
sand1
sand
sand
sand
sand2
sand2
sand2
sand2
sand1
sand1
sand
sand1
sand
sand2
sand
sand2
sand2
sand
sand1
sand
sand2
sand2
sand
sand
sand1
sand2
sand
sand2
sand1
sand
sand
sand1
sand1
sand1
sand2
sand
sand2
sand2
sand1
sand2
sand
sand
sand1
sand2
sand
sand2
sand2
sand1
sand1
sand2
sand2
sand2
sand
sand
sand
sand1
sand
sand1
sand1
sand
sand2
sand
sand2
sand2
sand2
sand2
sand1
sand2
sand
sand
sand2
sand1
sand1
sand1
sand
sand1
sand2
sand1
sand1
sand
sand1
sand1
sand
sand2
sand
sand1
sand2
sand2
sand1
sand1
sand2
sand2
sand2
sand
sand2
sand2
sand
sand1
sand2
sand1
sand2
sand
sand
sand1
sand2
sand2
sand1
sand1
sand1
sand2
sand2
sand1
sand2
sand1
sand
sand2
sand1
sand1
sand2
sand
sand
sand
sand
sand2
sand1
sand
sand2
sand
sand2
sand
sand1
sand2
sand1
sand
sand2
sand
sand
sand1
sand2
sand
sand2
sand
sand1
sand2
sand
sand
sand
sand1
sand2
sand2
sand
sand2
sand1
sand
sand
sand2
sand2
sand
sand1
sand2
sand1
sand
sand
sand1
sand1
sand1
sand2
sand
sand
sand
sand
sand
sand2
sand
sand
sand2
sand2
sand1
sand2
sand2
sand2
sand
sand
sand
sand2
sand2
sand1
sand2
sand
sand
sand
sand
sand1
sand2
sand2
sand1
sand
sand2
sand2
sand2
sand
sand
sand
sand
sand2
sand1
sand1
sand2
sand1
sand1
sand
sand1
sand2
sand1
sand2
sand
sand1
sand2
sand
sand2
sand1
sand1
sand1
sand1
sand1
sand1
sand
sand
sand
sand
sand
sand2
sand1
sand1
sand
sand1
sand1
sand1
sand2
sand
sand1
sand
sand2
sand1
sand2
sand
sand2
sand
sand1
sand
sand
sand
sand
sand2
sand2
sand2
sand1
sand
sand
sand
sand1
sand1
sand
sand1
sand1
sand2
sand1
sand
sand1
sand1
sand1
sand
sand2
sand1
sand
sand1
sand
sand
sand
sand2
sand2
sand1
sand
sand2
sand2
sand1
sand2
sand1
sand2
sand
sand2
sand1
sand
sand1
sand1
sand2
sand
sand
sand
sand
sand2
sand
sand1
sand1
sand
sand2
sand
sand1
sand
sand2
sand1
sand2
sand1
sand2
sand
sand2
sand1
sand
sand1
sand
sand2
sand2
sand
sand
sand
sand1
sand
sand1
sand2
sand2
sand
sand1
sand2
sand1
sand1
sand
sand1
sand
sand2
sand
sand
sand1
sand1
sand
sand1
sand2
sand
sand
sand
sand
sand2
sand1
sand2
sand
sand2
sand1
sand
sand
sand
sand
sand1
sand1
sand
sand2
sand1
sand2
sand
sand1
sand
sand
sand2
sand1
sand2
sand2
sand2
sand1
sand2
sand1
sand2
sand1
sand1
sand2
sand
sand1
sand1
sand1
sand
sand1
sand
sand2
sand
sand1
sand2
sand1
sand1
sand1
sand1
sand2
sand1
sand2
sand1
sand1
sand2
sand
sand1
sand2
sand
sand1
sand1
sand
sand
sand1
sand1
sand2
sand
sand
sand
sand2
end
end
Siswai'aman
 6 792 1457 42 1
Aiel
 10 515 980 54 1
Aiel
 10 945 887 62 1
Aiel
 10 344 1593 90 1
Aiel
 10 631 575 70 1
Aiel
 10 1193 586 67 1
Borderland Soldier
 4 1458 767 90 1
Borderland Soldier
 4 1519 571 90 1
Borderland Soldier
 4 1200 799 90 1
Dedicated
 3 1412 345 90 1
Asha'man
 2 1123 363 90 1
Asha'man
 2 958 457 90 1
Warder
 5 2623 1924 225 2
Warder
 5 2353 2089 232 2
Warder
 5 2100 2280 232 2
Warder
 5 2365 2345 225 2
Warder
 5 2638 2175 215 2
Warder
 5 2886 2040 232 2
Warder
 5 2069 2555 228 2
Tower Guard
 15 2366 2723 223 2
Tower Guard
 15 2768 2515 211 2
Tower Guard
 15 3043 2231 209 2
Aes Sedai
 3 3104 2586 90 2
Aes Sedai
 3 3004 2751 90 2
Aes Sedai
 3 2739 2844 195 2
end
